// Jest Snapshot v1, https://goo.gl/fbAQLP

exports[`<TranslationSelection /> renders 1`] = `
<Fragment>
  <ProductTour
    tours={
      Array [
        Object {
          "abitrarily": "defined",
        },
      ]
    }
  />
  <IconButton
    alt="change-language"
    className="mr-2 mb-2 float-right"
    iconAs="Icon"
    id="translation-selection-button"
    onClick={[MockFunction open]}
    src="Language"
    variant="primary"
  />
  <TranslationModal
    availableLanguages={
      Array [
        Object {
          "code": "en",
          "label": "English",
        },
        Object {
          "code": "es",
          "label": "Spanish",
        },
      ]
    }
    close={[MockFunction close]}
    courseId="course-v1:edX+DemoX+Demo_Course"
    id="plugin-test-id"
    isOpen={false}
    selectedLanguage="en"
    setSelectedLanguage={[MockFunction setSelectedLanguage]}
  />
  <FeedbackWidget
    courseId="course-v1:edX+DemoX+Demo_Course"
    translationLanguage="en"
    unitId="unit-test-id"
    userId="123"
  />
</Fragment>
`;
